---
source: tests/cli_snapshots.rs
assertion_line: 167
expression: "run(&[\"--yes\", \"transactions\", \"clear-recurring\", \"txn_1\"])"
---
╭────────────┬───────┬──────────┬──────────┬───────────┬──────┬──────╮
│ date       ┆ name  ┆ amount   ┆ reviewed ┆ category  ┆ tags ┆ type │
╞════════════╪═══════╪══════════╪══════════╪═══════════╪══════╪══════╡
│ 2025-12-15 ┆ Venmo ┆ -$100.00 ┆          ┆ cat_other ┆      ┆      │
╰────────────┴───────┴──────────┴──────────┴───────────┴──────┴──────╯
